D/FreecessController( 1850): com.plato.androie(10493) is important[2]
D/io_stats(  665): !@ Read_top(KB): m.plato.androie(29771) 132 .openai.chatgpt(7933) 4
D/PerProcessNandswap$NandswapMsgHandler( 1850): startNandswapProcess to-delay Cached-ppn com.plato.androie
V/WindowManager( 1850): Collecting in transition 78: Task{bb7afb8 #1060 type=standard A=10493:com.plato.androie}, caller=com.android.server.wm.TransitionController.collect:7 com.android.server.wm.ActivityTaskSupervisor.findTaskToMoveToFront:114 com.android.server.wm.ActivityTaskManagerService.moveTaskToFrontLocked:222 com.android.server.wm.ActivityTaskSupervisor.startActivityFromRecents:849 com.android.server.wm.ActivityTaskManagerService.startActivityFromRecents:31 
D/WindowManager( 1850): prepareSync <SYNC_STATE_WAITING_FOR_DRAW>, mPrepareSyncSeqId=0, win=Window{72e2f53 u0 com.plato.androie/com.playchat.ui.activity.MainActivity}
I/Pageboost( 1850): moveTaskToFront : 10493:com.plato.androie
V/WindowManager( 1850): Add starting ActivityRecord{7511f85 u0 com.plato.androie/com.playchat.ui.activity.MainActivity t1060}: startingData=SnapshotStartingData{7864bc0 waitForSyncTransactionCommit=false removeAfterTransaction= 0}
V/WindowManager( 1850): Added starting ActivityRecord{7511f85 u0 com.plato.androie/com.playchat.ui.activity.MainActivity t1060}: startingWindow=null startingView=com.android.server.wm.StartingSurfaceController$StartingSurface@5c2f0f9
V/WindowManagerShell( 3222): Transition requested (#78): android.os.BinderProxy@6579a10 TransitionRequestInfo { type = TO_FRONT, triggerTask = TaskInfo{userId=0 taskId=1060 displayId=0 isRunning=true baseIntent=Intent { act=android.intent.action.MAIN cat=[android.intent.category.LAUNCHER] flg=0x10200000 cmp=com.plato.androie/com.playchat.ui.activity.SplashActivity } baseActivity=ComponentInfo{com.plato.androie/com.playchat.ui.activity.MainActivity} topActivity=ComponentInfo{com.plato.androie/com.playchat.ui.activity.MainActivity} origActivity=null realActivity=ComponentInfo{com.plato.androie/com.playchat.ui.activity.SplashActivity} numActivities=1 lastActiveTime=753121 supportsMultiWindow=true resizeMode=1 isResizeable=true minWidth=-1 minHeight=-1 maxWidth=-1 maxHeight=-1 defaultMinSize=220 token=WCT{android.window.IWindowContainerToken$Stub$Proxy@c9da909} topActivityType=1 pictureInPictureParams=null shouldDockBigOverlays=false launchIntoPipHostTaskId=-1 lastParentTaskIdBeforePip=-1 displayCutoutSafeInsets=Rect(0, 100 - 0, 0) topActivityInfo=ActivityInfo{e97e70e com.playchat.ui.activity.MainActivity} launchCookies=[android.os.BinderProxy@a28b410] positionInParent=Point(0, 0) parentTaskId=-1 isFocused=false isVisible=false isVisibleRequested=false isSleeping=false topActivityInSizeCompat=false locusId=null displayAreaFeatureId=1 isTopActivityTransparent=false isTopActivityStyleFloating=false appCompatTaskInfo=AppCompatTaskInfo { topActivityInSizeCompat=false eligibleForLetterboxEducation= false isLetterboxEducationEnabled= false isLetterboxDoubleTapEnabled= false eligibleForUserAspectRatioButton= false topActivityBoundsLetterboxed= false isFromLetterboxDoubleTap= false topActivityLetterboxVerticalPosition= -1 topActivityLetterboxHorizontalPosition= -1 topActivityLetterboxWidth=1440 topActivityLetterboxHeight=3200 topActivityLetterboxAppWidth=1440 topActivityLetterboxAppHeight=3200 isUserFullscreenOverrideEnabled=false isSystemFullscreenOverrideEnabled=false hasMinAspectRatioOverride=false cameraCompatTaskInfo=CameraCompatTaskInfo { freeformCameraCompatMode=inactive} topActivityBounds=null topActivityInDisplayCompat=false} originallySupportedMultiWindow=true hasWallpaper=false rootAffinity=10493:com.plato.androie isTopTaskInStage=false topActivityUiMode=33 CoverLauncherWidgetTask=false isAllowedSeamlessRotation=false isTopTransparentActivity=false snappingGuideBounds=Rect(108, 761 - 1332, 2361) isAliasManaged=false hasConfigChanged=false isAiKeyRemoveAppTask=false}, pipTask = null, remoteTransition = RemoteTransition { remoteTransition = android.window.IRemoteTransition$Stub$Proxy@1e7d52f, appThread = android.app.IApplicationThread$Stub$Proxy@404473c, debugName = QuickstepLaunchflags =NONE }, displayChange = null, flags = 0, debugId = 78 }
V/WindowManager( 1850): addWindow: ActivityRecord{7511f85 u0 com.plato.androie/com.playchat.ui.activity.MainActivity t1060} startingWindow=Window{558b69f u0 SnapshotStartingWindow for taskId=1060}
D/WindowManagerShell( 3222): onActivityRestartAttempt: ComponentInfo{com.plato.androie/com.playchat.ui.activity.MainActivity}
I/PerProcessNandswap$NandswapMsgHandler( 1850): madvise_prefetch for com.plato.androie
V/WindowManager( 1850): Collecting in transition 78: ActivityRecord{7511f85 u0 com.plato.androie/com.playchat.ui.activity.MainActivity t1060}, caller=com.android.server.wm.TransitionController.collect:7 com.android.server.wm.ActivityRecord.setVisibility:189 com.android.server.wm.TaskFragment.resumeTopActivity:1735 com.android.server.wm.Task.resumeTopActivityInnerLocked:98 com.android.server.wm.Task.resumeTopActivityUncheckedLocked:23 
V/WindowManager( 1850): Setting visibility of Window{72e2f53 u0 com.plato.androie/com.playchat.ui.activity.MainActivity}: true, caller=com.android.server.wm.WindowContainer.sendAppVisibilityToClients:19 com.android.server.wm.WindowToken.setClientVisible:49 com.android.server.wm.ActivityRecord.setVisibility:392 com.android.server.wm.TaskFragment.resumeTopActivity:1735 com.android.server.wm.Task.resumeTopActivityInnerLocked:98 
D/SGM:FgCheckThread( 1850):   sendRunningComponentFocus(), pkgName: com.plato.androie, userId: 0
D/SGM:FgCheckThread( 1850): onLooperPrepared(), msg: MSG_TASK_FOCUSED, pkgName: com.plato.androie, userId: 0
D/SGM:FgCheckThread( 1850):   handleTaskFocused(), pkgName: com.plato.androie, userID:0
D/SGM:FgCheckThread( 1850):   handleResume(). pkgName: com.plato.androie, userId: 0, category: non-game
D/SGM:FgCheckThread( 1850): notifyFocusInOut(). of pkg: com.plato.androie, type: 4, isSecGameFamily: false, userId: 0
D/ActivityTaskManager( 1850): scheduleTopResumedActivityChanged, onTop=true, r=ActivityRecord{7511f85 u0 com.plato.androie/com.playchat.ui.activity.MainActivity t1060}, caller=com.android.server.wm.ActivityTaskSupervisor.updateTopResumedActivityIfNeeded:62 com.android.server.wm.TaskFragment.setResumedActivity:29 com.android.server.wm.ActivityRecord.setState:104 com.android.server.wm.TaskFragment.resumeTopActivity:1817 com.android.server.wm.Task.resumeTopActivityInnerLocked:98 com.android.server.wm.Task.resumeTopActivityUncheckedLocked:23 
D/WindowManager( 1850): rotationForOrientation, orientationSource=ActivityRecord{7511f85 u0 com.plato.androie/com.playchat.ui.activity.MainActivity t1060}
D/WindowManagerServiceExt( 1850): updateTaskbarTargetIfNeeded: cn=ComponentInfo{com.plato.androie/com.playchat.ui.activity.MainActivity} occludesParent=true isInSplitScreenMode=false styleFloating=false
D/BLASTSyncEngine( 1850): SyncGroup 78:  Unfinished container: Task{bb7afb8 #1060 type=standard A=10493:com.plato.androie} mSyncState=2
V/WindowManager( 1850): Start calculating TransitionInfo based on participants: {ActivityRecord{2bb3d2e u0 com.sec.android.app.launcher/com.android.quickstep.RecentsActivity t1045}, WallpaperWindowToken{43e29d5 token=android.os.Binder@a51ae8c}_<lock>, ActivityRecord{7511f85 u0 com.plato.androie/com.playchat.ui.activity.MainActivity t1060}, WallpaperWindowToken{b2e2ddf token=android.os.Binder@1f2747e}_<system>, Task{bb7afb8 #1060 type=standard A=10493:com.plato.androie}}
V/WindowManager( 1850):   Final targets: [Task{bb7afb8 #1060 type=standard A=10493:com.plato.androie}, Task{5ca3165 #1045 type=recents I=com.sec.android.app.launcher/com.android.quickstep.RecentsActivity}, WallpaperWindowToken{b2e2ddf token=android.os.Binder@1f2747e}_<system>]
V/WindowManager( 1850):         {WCT{RemoteToken{f471b92 Task{bb7afb8 #1060 type=standard A=10493:com.plato.androie}}} m=TO_FRONT f=MOVE_TO_TOP leash=Surface(name=Task=1060)/@0xc1bf1f4 sb=Rect(0, 0 - 1440, 3200) eb=Rect(0, 0 - 1440, 3200) d=0 taskParent=-1 inset=Rect(0, 102 - 0, 180) dim=true},
D/InsetsSourceProvider( 1850): updateControlForTarget: control=InsetsSourceControl: {56550001 mType=navigationBars initiallyVisible mSurfacePosition=Point(0, 3020) mInsetsHint=Insets{left=0, top=0, right=0, bottom=180}}, target=Window{72e2f53 u0 com.plato.androie/com.playchat.ui.activity.MainActivity}, from=com.android.server.wm.InsetsStateController.onControlTargetChanged:81 com.android.server.wm.InsetsPolicy.updateBarControlTarget:188 com.android.server.wm.DisplayPolicy.updateSystemBarAttributes:269 com.android.server.wm.DisplayPolicy.finishPostLayoutPolicyLw:17 com.android.server.wm.RootWindowContainer.applySurfaceChangesTransaction$1:194 
V/WindowManager( 1850): Sent Transition (#78) createdAt=11-27 10:57:53.289 via request=TransitionRequestInfo { type = TO_FRONT, triggerTask = TaskInfo{userId=0 taskId=1060 displayId=0 isRunning=true baseIntent=Intent { act=android.intent.action.MAIN cat=[android.intent.category.LAUNCHER] flg=0x10200000 cmp=com.plato.androie/com.playchat.ui.activity.SplashActivity } baseActivity=ComponentInfo{com.plato.androie/com.playchat.ui.activity.MainActivity} topActivity=ComponentInfo{com.plato.androie/com.playchat.ui.activity.MainActivity} origActivity=null realActivity=ComponentInfo{com.plato.androie/com.playchat.ui.activity.SplashActivity} numActivities=1 lastActiveTime=753121 supportsMultiWindow=true resizeMode=1 isResizeable=true minWidth=-1 minHeight=-1 maxWidth=-1 maxHeight=-1 defaultMinSize=220 token=WCT{RemoteToken{f471b92 Task{bb7afb8 #1060 type=standard A=10493:com.plato.androie}}} topActivityType=1 pictureInPictureParams=null shouldDockBigOverlays=false launchIntoPipHostTaskId=-1 lastParentTaskIdBeforePip=-1 displayCutoutSafeInsets=Rect(0, 100 - 0, 0) topActivityInfo=ActivityInfo{c9c0775 com.playchat.ui.activity.MainActivity} launchCookies=[android.os.BinderProxy@2d3de19] positionInParent=Point(0, 0) parentTaskId=-1 isFocused=false isVisible=false isVisibleRequested=false isSleeping=false topActivityInSizeCompat=false locusId=null displayAreaFeatureId=1 isTopActivityTransparent=false isTopActivityStyleFloating=false appCompatTaskInfo=AppCompatTaskInfo { topActivityInSizeCompat=false eligibleForLetterboxEducation= false isLetterboxEducationEnabled= false isLetterboxDoubleTapEnabled= false eligibleForUserAspectRatioButton= false topActivityBoundsLetterboxed= false isFromLetterboxDoubleTap= false topActivityLetterboxVerticalPosition= -1 topActivityLetterboxHorizontalPosition= -1 topActivityLetterboxWidth=1440 topActivityLetterboxHeight=3200 topActivityLetterboxAppWidth=1440 topActivityLetterboxAppHeight=3200 isUserFullscreenOverrideEnabled=false isSystemFullscreenOverrideEnabled=false hasMinAspectRatioOverride=false cameraCompatTaskInfo=CameraCompatTaskInfo { freeformCameraCompatMode=inactive} topActivityBounds=null topActivityInDisplayCompat=false} originallySupportedMultiWindow=true hasWallpaper=false rootAffinity=10493:com.plato.androie isTopTaskInStage=false topActivityUiMode=33 CoverLauncherWidgetTask=false isAllowedSeamlessRotation=false isTopTransparentActivity=false snappingGuideBounds=Rect(108, 761 - 1332, 2361) isAliasManaged=false hasConfigChanged=false isAiKeyRemoveAppTask=false}, pipTask = null, remoteTransition = RemoteTransition { remoteTransition = android.window.IRemoteTransition$Stub$Proxy@91cc631, appThread = android.app.IApplicationThread$Stub$Proxy@898116, debugName = QuickstepLaunchflags =NONE }, displayChange = null, flags = 0, debugId = 78 }
V/WindowManager( 1850):         {WCT{RemoteToken{f471b92 Task{bb7afb8 #1060 type=standard A=10493:com.plato.androie}}} m=TO_FRONT f=MOVE_TO_TOP leash=Surface(name=Task=1060)/@0xc1bf1f4 sb=Rect(0, 0 - 1440, 3200) eb=Rect(0, 0 - 1440, 3200) d=0 taskParent=-1 inset=Rect(0, 102 - 0, 180) dim=true},
D/InsetsSourceProvider( 1850): updateControlForTarget: control=InsetsSourceControl: {98c90000 mType=statusBars initiallyVisible mSurfacePosition=Point(0, 0) mInsetsHint=Insets{left=0, top=102, right=0, bottom=0}}, target=Window{72e2f53 u0 com.plato.androie/com.playchat.ui.activity.MainActivity}, from=com.android.server.wm.InsetsStateController.onControlTargetChanged:81 com.android.server.wm.InsetsPolicy.updateBarControlTarget:175 com.android.server.wm.DisplayPolicy.updateSystemBarAttributes:269 com.android.server.wm.DisplayPolicy.finishPostLayoutPolicyLw:17 com.android.server.wm.RootWindowContainer.applySurfaceChangesTransaction$1:194 
D/WindowManager( 1850): updateSystemBarAttributes: displayId=0, focusedCanBeNavColorWin=false, win=Window{72e2f53 u0 com.plato.androie/com.playchat.ui.activity.MainActivity}, navColorWin=Window{b30459f u0 com.sec.android.app.launcher/com.android.quickstep.RecentsActivity}, caller=com.android.server.wm.DisplayPolicy.finishPostLayoutPolicyLw:17 com.android.server.wm.RootWindowContainer.applySurfaceChangesTransaction$1:194 com.android.server.wm.RootWindowContainer.performSurfacePlacementNoTrace:61 
D/SGM:GameManager( 1850): identifyGamePackage. com.plato.androie, mCurrentUserId: 0, callerUserId: 0, callingMethodInfo: com.samsung.android.game.SemGameManager.isGamePackage(SemGameManager.java:105)
D/SGM:SemGameManager( 1850): isGamePackage(), pkgName=com.plato.androie, ret=false
D/SGM:FgCheckThread( 1850): noteResumeComponent(), received pkgName: com.plato.androie, userId: 0
D/SGM:FgCheckThread( 1850): onLooperPrepared(), msg: MSG_APP_RESUME, pkgName: com.plato.androie, userid: 0
D/SGM:FgCheckThread( 1850):   handleResume(). pkgName: com.plato.androie, userId: 0, category: non-game
D/SGM:FgCheckThread( 1850): notifyFocusInOut(). of pkg: com.plato.androie, type: 4, isSecGameFamily: false, userId: 0
I/SDHMS:l ( 7995): handleResumeComponent : put = com.plato.androie, userid = 0 instanceid =184754650
D/SGM:GameManager( 1850): identifyForegroundApp. com.plato.androie, mCurrentUserId: 0, callerUserId: 0
D/SGM:GameManager( 1850): identifyGamePackage. com.plato.androie, mCurrentUserId: 0, callerUserId: 0, callingMethodInfo: com.samsung.android.game.IGameManagerService$Stub.onTransact(IGameManagerService.java:228)
D/WindowManager( 1850): makeSurface duration=2 name=com.plato.androie/com.playchat.ui.activity.MainActivity$_29771
D/WindowManager( 1850): Changing focus from null to Window{72e2f53 u0 com.plato.androie/com.playchat.ui.activity.MainActivity} displayId=0 Callers=com.android.server.wm.WindowManagerService.relayoutWindowInner:142 com.android.server.wm.WindowManagerService.relayoutWindow:6 com.android.server.wm.Session.relayout:27 android.view.IWindowSession$Stub.onTransact:861 
V/SystemKeyManager( 1850): updateFocusedWindow() is called, com.plato.androie/com.playchat.ui.activity.MainActivity
D/FreecessController( 1850): com.plato.androie(10493) is important[18]
D/MdnieScenarioControlService( 1850):  packageName : com.plato.androie    className : com.playchat.ui.activity.MainActivity
D/WindowManager( 1850): finishDrawingWindow: Window{72e2f53 u0 com.plato.androie/com.playchat.ui.activity.MainActivity} mDrawState=DRAW_PENDING seqId=0
V/WindowManager( 1850): Finish starting ActivityRecord{7511f85 u0 com.plato.androie/com.playchat.ui.activity.MainActivity t1060}: first real window is shown, no animation
V/WindowManager( 1850): Schedule remove starting ActivityRecord{7511f85 u0 com.plato.androie/com.playchat.ui.activity.MainActivity t1060} startingWindow=Window{558b69f u0 SnapshotStartingWindow for taskId=1060} animate=false Callers=com.android.server.wm.ActivityRecord.removeStartingWindow:143 com.android.server.wm.WindowState.performShowLocked:147 com.android.server.wm.WindowStateAnimator.commitFinishDrawingLocked:59 com.android.server.wm.DisplayContent$$ExternalSyntheticLambda1.accept$com$android$server$wm$DisplayContent$$ExternalSyntheticLambda40:22 com.android.server.wm.DisplayContent$$ExternalSyntheticLambda1.accept:305 
I/ActivityTaskManager( 1850): done cause=notifyWindowsDrawn timestamp=611786285254 info=TransitionInfo{f4775aa a=ActivityRecord{7511f85 u0 com.plato.androie/com.playchat.ui.activity.MainActivity t1060} d=true}
V/WindowManager( 1850): performShowLocked: mDrawState=HAS_DRAWN in Window{72e2f53 u0 com.plato.androie/com.playchat.ui.activity.MainActivity}
D/InsetsSourceProvider( 1850): updateControlForTarget: control=InsetsSourceControl: {3 mType=ime mSurfacePosition=Point(0, 102) mInsetsHint=Insets{left=0, top=0, right=0, bottom=1644}}, target=Window{72e2f53 u0 com.plato.androie/com.playchat.ui.activity.MainActivity}, from=com.android.server.wm.ImeInsetsSourceProvider.updateControlForTarget:17 com.android.server.wm.InsetsStateController.onControlTargetChanged:81 com.android.server.wm.DisplayContent.updateImeControlTarget:21 com.android.server.wm.DisplayContent.updateImeInputAndControlTarget:81 com.android.server.wm.WindowManagerService$LocalService.updateInputMethodTargetWindow:21 
I/WindowManager( 1850): Reparenting to leash, surface=Surface(name=558b69f SnapshotStartingWindow for taskId=1060)/@0x9f57db2, syncState=0, syncCommitDepth=0, leashParent=Surface(name=ActivityRecord{7511f85 u0 com.plato.androie/com.playchat.ui.activity.MainActivity t1060})/@0xe35476
D/SGM:FgCheckThread( 1850): getForegroundApp(), foregroundPkgName=com.plato.androie
W/JobScheduler( 1850): Job didn't exist in JobStore: 7bc5eb7 #u0a493/-2011549841 com.plato.androie/com.google.android.datatransport.runtime.scheduling.jobscheduling.JobInfoSchedulerService
I/WindowManager( 1850): Reparenting to original parent: Surface(name=ActivityRecord{7511f85 u0 com.plato.androie/com.playchat.ui.activity.MainActivity t1060})/@0xe35476, destroy=true, syncState=0, syncCommitDepth=0, surface=Surface(name=558b69f SnapshotStartingWindow for taskId=1060)/@0x9f57db2
D/MdnieScenarioControlService( 1850):  packageName : com.plato.androie    className : com.playchat.ui.activity.MainActivity
D/SGM:GameManager( 1850): identifyForegroundApp. com.plato.androie, mCurrentUserId: 0, callerUserId: 0
D/CoreBackPreview( 1850): Window{cdadc9 u0 com.plato.androie/com.playchat.ui.activity.MainActivity}: Setting back callback OnBackInvokedCallbackInfo{mCallback=android.window.IOnBackInvokedCallback$Stub$Proxy@f34a2fc, mPriority=0, mIsAnimationCallback=false}
D/WindowManager( 1850): makeSurface duration=1 name=com.plato.androie/com.playchat.ui.activity.MainActivity$_29771
D/WindowManager( 1850): Changing focus from Window{72e2f53 u0 com.plato.androie/com.playchat.ui.activity.MainActivity} to Window{cdadc9 u0 com.plato.androie/com.playchat.ui.activity.MainActivity} displayId=0 Callers=com.android.server.wm.WindowManagerService.relayoutWindowInner:142 com.android.server.wm.WindowManagerService.relayoutWindow:6 com.android.server.wm.Session.relayout:27 android.view.IWindowSession$Stub.onTransact:861 
D/InsetsSourceProvider( 1850): updateControlForTarget: control=InsetsSourceControl: {56550001 mType=navigationBars initiallyVisible mSurfacePosition=Point(0, 3020) mInsetsHint=Insets{left=0, top=0, right=0, bottom=180}}, target=Window{cdadc9 u0 com.plato.androie/com.playchat.ui.activity.MainActivity}, from=com.android.server.wm.InsetsStateController.onControlTargetChanged:81 com.android.server.wm.InsetsPolicy.updateBarControlTarget:188 com.android.server.wm.DisplayPolicy.updateSystemBarAttributes:269 com.android.server.wm.WindowManagerService.updateFocusedWindowLocked:375 com.android.server.wm.WindowManagerService.relayoutWindowInner:142 
D/InsetsSourceProvider( 1850): updateControlForTarget: control=InsetsSourceControl: {98c90000 mType=statusBars initiallyVisible mSurfacePosition=Point(0, 0) mInsetsHint=Insets{left=0, top=102, right=0, bottom=0}}, target=Window{cdadc9 u0 com.plato.androie/com.playchat.ui.activity.MainActivity}, from=com.android.server.wm.InsetsStateController.onControlTargetChanged:81 com.android.server.wm.InsetsPolicy.updateBarControlTarget:175 com.android.server.wm.DisplayPolicy.updateSystemBarAttributes:269 com.android.server.wm.WindowManagerService.updateFocusedWindowLocked:375 com.android.server.wm.WindowManagerService.relayoutWindowInner:142 
V/SystemKeyManager( 1850): updateFocusedWindow() is called, com.plato.androie/com.playchat.ui.activity.MainActivity
D/WindowManager( 1850): finishDrawingWindow: Window{cdadc9 u0 com.plato.androie/com.playchat.ui.activity.MainActivity} mDrawState=DRAW_PENDING seqId=0
V/WindowManager( 1850): Loading animations: picked package=com.plato.androie
I/WindowManager( 1850): Reparenting to leash, surface=Surface(name=cdadc9 com.plato.androie/com.playchat.ui.activity.MainActivity)/@0xdb845e7, syncState=0, syncCommitDepth=0, leashParent=Surface(name=ActivityRecord{7511f85 u0 com.plato.androie/com.playchat.ui.activity.MainActivity t1060})/@0xe35476
D/WindowManager( 1850): makeSurface duration=1 leash=Surface(name=Surface(name=cdadc9 com.plato.androie/com.playchat.ui.activity.MainActivity)/@0xdb845e7 - animation-leash of window_animation)/@0x46c5594
V/WindowManager( 1850): performShowLocked: mDrawState=HAS_DRAWN in Window{cdadc9 u0 com.plato.androie/com.playchat.ui.activity.MainActivity}
I/WindowManager( 1850): Reparenting to original parent: Surface(name=ActivityRecord{7511f85 u0 com.plato.androie/com.playchat.ui.activity.MainActivity t1060})/@0xe35476, destroy=true, syncState=0, syncCommitDepth=0, surface=Surface(name=cdadc9 com.plato.androie/com.playchat.ui.activity.MainActivity)/@0xdb845e7
D/io_stats(  665): !@ Read_top(KB): .android.chrome(29865) 3504 m.plato.androie(29771) 1296 ileged_process0(29984) 616
D/io_stats(  665): !@ Write_top(KB): m.plato.androie(29771) 648 roid.honeyboard(7899) 344 gle.android.gms(18151) 156
D/CoreBackPreview( 1850): Window{cdadc9 u0 com.plato.androie/com.playchat.ui.activity.MainActivity}: Setting back callback null
V/WindowManager( 1850): Remove Window{cdadc9 u0 com.plato.androie/com.playchat.ui.activity.MainActivity}: mSurfaceController=Surface(name=com.plato.androie/com.playchat.ui.activity.MainActivity$_29771)/@0xa64c32c mAnimatingExit=false mRemoveOnExit=false mHasSurface=true surfaceShowing=true animating=false app-animation=false mDisplayFrozen=false callers=com.android.server.wm.Session.remove:16 android.view.IWindowSession$Stub.onTransact:794 com.android.server.wm.Session.onTransact:1 android.os.Binder.execTransactInternal:1536 android.os.Binder.execTransact:1480 <bottom of call stack> 
V/WindowManager( 1850): Loading animations: picked package=com.plato.androie
I/WindowManager( 1850): Reparenting to leash, surface=Surface(name=cdadc9 com.plato.androie/com.playchat.ui.activity.MainActivity)/@0xdb845e7, syncState=0, syncCommitDepth=0, leashParent=Surface(name=ActivityRecord{7511f85 u0 com.plato.androie/com.playchat.ui.activity.MainActivity t1060})/@0xe35476
D/WindowManager( 1850): makeSurface duration=1 leash=Surface(name=Surface(name=cdadc9 com.plato.androie/com.playchat.ui.activity.MainActivity)/@0xdb845e7 - animation-leash of window_animation)/@0xe709b8a
D/WindowManager( 1850): Changing focus from Window{cdadc9 u0 com.plato.androie/com.playchat.ui.activity.MainActivity EXITING} to Window{72e2f53 u0 com.plato.androie/com.playchat.ui.activity.MainActivity} displayId=0 Callers=com.android.server.wm.WindowState.removeIfPossible:600 com.android.server.wm.Session.remove:16 android.view.IWindowSession$Stub.onTransact:794 com.android.server.wm.Session.onTransact:1 
D/InsetsSourceProvider( 1850): updateControlForTarget: control=InsetsSourceControl: {56550001 mType=navigationBars initiallyVisible mSurfacePosition=Point(0, 3020) mInsetsHint=Insets{left=0, top=0, right=0, bottom=180}}, target=Window{72e2f53 u0 com.plato.androie/com.playchat.ui.activity.MainActivity}, from=com.android.server.wm.InsetsStateController.onControlTargetChanged:81 com.android.server.wm.InsetsPolicy.updateBarControlTarget:188 com.android.server.wm.DisplayPolicy.updateSystemBarAttributes:269 com.android.server.wm.WindowManagerService.updateFocusedWindowLocked:375 com.android.server.wm.WindowState.removeIfPossible:600 
D/InsetsSourceProvider( 1850): updateControlForTarget: control=InsetsSourceControl: {98c90000 mType=statusBars initiallyVisible mSurfacePosition=Point(0, 0) mInsetsHint=Insets{left=0, top=102, right=0, bottom=0}}, target=Window{72e2f53 u0 com.plato.androie/com.playchat.ui.activity.MainActivity}, from=com.android.server.wm.InsetsStateController.onControlTargetChanged:81 com.android.server.wm.InsetsPolicy.updateBarControlTarget:175 com.android.server.wm.DisplayPolicy.updateSystemBarAttributes:269 com.android.server.wm.WindowManagerService.updateFocusedWindowLocked:375 com.android.server.wm.WindowState.removeIfPossible:600 
V/SystemKeyManager( 1850): updateFocusedWindow() is called, com.plato.androie/com.playchat.ui.activity.MainActivity
I/WindowManager( 1850): Reparenting to original parent: Surface(name=ActivityRecord{7511f85 u0 com.plato.androie/com.playchat.ui.activity.MainActivity t1060})/@0xe35476, destroy=true, syncState=0, syncCommitDepth=0, surface=Surface(name=cdadc9 com.plato.androie/com.playchat.ui.activity.MainActivity)/@0xdb845e7
E/WindowManager( 1850): win=Window{cdadc9 u0 com.plato.androie/com.playchat.ui.activity.MainActivity EXITING} destroySurfaces: appStopped=false cleanupOnResume=false win.mWindowRemovalAllowed=true win.mRemoveOnExit=true win.mViewVisibility=0 caller=com.android.server.wm.WindowState.onExitAnimationDone:222 com.android.server.wm.WindowState.onAnimationFinished:161 com.android.server.wm.WindowContainer$$ExternalSyntheticLambda5.onAnimationFinished:26 com.android.server.wm.SurfaceAnimator$$ExternalSyntheticLambda1.run:28 com.android.server.wm.SurfaceAnimator$$ExternalSyntheticLambda0.onAnimationFinished:65 com.android.server.wm.LocalAnimationAdapter$$ExternalSyntheticLambda0.run:10 android.os.Handler.handleCallback:959 
I/WindowManager( 1850): Destroying surface Surface(name=com.plato.androie/com.playchat.ui.activity.MainActivity$_29771)/@0xa64c32c called by com.android.server.wm.WindowStateAnimator.destroySurface:11 com.android.server.wm.WindowStateAnimator.destroySurfaceLocked:54 com.android.server.wm.WindowState.destroySurfaceUnchecked:5 com.android.server.wm.WindowState.destroySurface:126 com.android.server.wm.WindowState.onExitAnimationDone:222 com.android.server.wm.WindowState.onAnimationFinished:161 com.android.server.wm.WindowContainer$$ExternalSyntheticLambda5.onAnimationFinished:26 com.android.server.wm.SurfaceAnimator$$ExternalSyntheticLambda1.run:28 
D/SGM:GameManager( 1850): identifyForegroundApp. com.plato.androie, mCurrentUserId: 0, callerUserId: 0
D/InsetsSourceProvider( 1850): updateVisibility: serverVisible=true, clientVisible=false, source=InsetsSource: {56550001 mType=navigationBars mFrame=[0,3020][1440,3200] mVisible=false mFlags= mSideHint=BOTTOM mBoundingRects=null}, controlTarget=Window{72e2f53 u0 com.plato.androie/com.playchat.ui.activity.MainActivity}, from=com.android.server.wm.InsetsSourceProvider.setClientVisible:8 com.android.server.wm.InsetsSourceProvider.updateClientVisibility:20 com.android.server.wm.InsetsStateController.onRequestedVisibleTypesChanged:20 com.android.server.wm.InsetsPolicy.onRequestedVisibleTypesChanged:3 com.android.server.wm.Session.updateRequestedVisibleTypes:30 android.view.IWindowSession$Stub.onTransact:1244 com.android.server.wm.Session.onTransact:1 android.os.Binder.execTransactInternal:1541 android.os.Binder.execTransact:1480 <bottom of call stack> 
D/InsetsSourceProvider( 1850): updateVisibility: serverVisible=true, clientVisible=false, source=InsetsSource: {98c90000 mType=statusBars mFrame=[0,0][1440,102] mVisible=false mFlags= mSideHint=TOP mBoundingRects=null}, controlTarget=Window{72e2f53 u0 com.plato.androie/com.playchat.ui.activity.MainActivity}, from=com.android.server.wm.InsetsSourceProvider.setClientVisible:8 com.android.server.wm.InsetsSourceProvider.updateClientVisibility:20 com.android.server.wm.InsetsStateController.onRequestedVisibleTypesChanged:20 com.android.server.wm.InsetsPolicy.onRequestedVisibleTypesChanged:3 com.android.server.wm.Session.updateRequestedVisibleTypes:30 android.view.IWindowSession$Stub.onTransact:1244 com.android.server.wm.Session.onTransact:1 android.os.Binder.execTransactInternal:1541 android.os.Binder.execTransact:1480 <bottom of call stack> 
D/WindowManager( 1850): updateSystemBarAttributes: displayId=0, focusedCanBeNavColorWin=false, win=Window{72e2f53 u0 com.plato.androie/com.playchat.ui.activity.MainActivity}, navColorWin=Window{72e2f53 u0 com.plato.androie/com.playchat.ui.activity.MainActivity}, caller=com.android.server.wm.InsetsStateController.onRequestedVisibleTypesChanged:46 com.android.server.wm.InsetsPolicy.onRequestedVisibleTypesChanged:3 com.android.server.wm.Session.updateRequestedVisibleTypes:30 
D/WindowManager( 1850): updateSystemBarAttributes: displayId=0, focusedCanBeNavColorWin=false, win=Window{72e2f53 u0 com.plato.androie/com.playchat.ui.activity.MainActivity}, navColorWin=null, caller=com.android.server.wm.DisplayPolicy.finishPostLayoutPolicyLw:17 com.android.server.wm.RootWindowContainer.applySurfaceChangesTransaction$1:194 com.android.server.wm.RootWindowContainer.performSurfacePlacementNoTrace:61 
D/SurfaceFlinger( 1270):        DEVICE |   0xb40000707b5de6d0 | 0001 | RGBA_8888    |    0.0    0.0 1440.0 3200.0 |    0    0 1440 3200 | com.plato.androie/com.playchat.ui.activity.MainActivity$_29771#1081 (251)
D/PackageManager( 1850): setEnabledSetting : userId = 0 packageName = com.plato.androie cmp = androidx.work.impl.background.systemalarm.RescheduleReceiver newState = 2 callingPackage = com.plato.androie
D/NetdEventListenerService( 1850): DNS Requested by 100, 10493(com.plato.androie), SUCCESS, 150ms
D/SurfaceFlinger( 1270):        DEVICE |   0xb40000707b5de6d0 | 0001 | RGBA_8888    |    0.0    0.0 1440.0 3200.0 |    0    0 1440 3200 | com.plato.androie/com.playchat.ui.activity.MainActivity$_29771#1081 (283)
D/SurfaceFlinger( 1270):        DEVICE |   0xb40000707b5ee2d0 | 0001 | RGBA_8888    |    0.0    0.0 1440.0 3200.0 |    0    0 1440 3200 | com.plato.androie/com.playchat.ui.activity.MainActivity$_29771#1081 (285)
I/InsetsController(29771): cancelAnimation: types=statusBars navigationBars, animType=1, host=com.plato.androie/com.playchat.ui.activity.MainActivity, from=android.view.InsetsController.notifyFinished:1890 android.view.InsetsAnimationThreadControlRunner$1.lambda$notifyFinished$0:87 android.view.InsetsAnimationThreadControlRunner$1.$r8$lambda$cDFF0h4Ncq-8EXdGszv69jrUu7c:0 
E/libEGL  (29771): error creating cache file /data/user_de/0/com.plato.androie/cache/com.android.skia.shaders_cache: Operation not permitted (1)
D/PackageManager( 1850): Don't send PACKAGE_CHANGED for com.plato.androie by WorkManager
D/NetdEventListenerService( 1850): DNS Requested by 100, 10493(com.plato.androie), SUCCESS, 28ms
D/FreecessController( 1850): com.plato.androie(10493) is important[12]
I/SurfaceFlinger( 1270): [com.plato.androie/com.playchat.ui.activity.MainActivity$_29771#1081] setFrameRateCategory: NoPreference
E/:core:log(29771): platoId=3u0ryhl7jrv0r-2z7scua871q8q GameDownloaderTask: Exception catch during expansion phase. Deleting run game folder.
E/PlatoApp(29771): platoId=3u0ryhl7jrv0r-2z7scua871q8q java.lang.Exception: Directories could not be created: /data/user/0/com.plato.androie/files/g/b33ad16721910b2da374908b439f4319b238682e
E/PlatoApp(29771): platoId=3u0ryhl7jrv0r-2z7scua871q8q o50.g(Unknown Source:192)
E/PlatoApp(29771): at o50.i(Unknown Source:21)
E/PlatoApp(29771): at o50.e(Unknown Source:279)
E/PlatoApp(29771): at o50.doInBackground(Unknown Source:2)
E/PlatoApp(29771): at android.os.AsyncTask$3.call(AsyncTask.java:394)
E/PlatoApp(29771): at java.util.concurrent.FutureTask.run(FutureTask.java:264)
E/PlatoApp(29771): at java.util.concurrent.ThreadPoolExecutor.runWorker(ThreadPoolExecutor.java:1145)
E/PlatoApp(29771): at java.util.concurrent.ThreadPoolExecutor$Worker.run(ThreadPoolExecutor.java:644)
E/PlatoApp(29771): at java.lang.Thread.run(Thread.java:1012)
D/PackageManager( 1850): setEnabledSetting : userId = 0 packageName = com.plato.androie cmp = androidx.work.impl.background.systemalarm.RescheduleReceiver newState = 1 callingPackage = com.plato.androie
D/ApplicationPolicy( 1850): getApplicationStateEnabled : pkg = com.plato.androie userId : 0
D/ApplicationPolicy( 1850): getApplicationComponentState : pkg = com.plato.androie userId : 0
D/FreecessController( 1850): com.plato.androie(10493) is important[18]
D/FreecessController( 1850): com.plato.androie(10493) is important[18]
D/ConnectivityService( 1850): requestNetwork for uid/pid:10493/29771 activeRequest: null callbackRequest: 503 [NetworkRequest [ REQUEST id=504, [ Capabilities: INTERNET&NOT_RESTRICTED&TRUSTED&NOT_VCN_MANAGED&NOT_BANDWIDTH_CONSTRAINED Uid: 10493 RequestorUid: 10493 RequestorPkg: com.plato.androie UnderlyingNetworks: Null] ]] callback flags: 0 order: 2147483647 isUidTracked: false declaredMethods: ALL
D/ConnectivityService( 1850):    accepting network in place of null for NetworkRequest [ REQUEST id=504, [ Capabilities: INTERNET&NOT_RESTRICTED&TRUSTED&NOT_VCN_MANAGED&NOT_BANDWIDTH_CONSTRAINED Uid: 10493 RequestorUid: 10493 RequestorPkg: com.plato.androie UnderlyingNetworks: Null] ]
D/OemPaidWifiNetworkFactory( 1850): got request NetworkRequest [ REQUEST id=504, [ Capabilities: INTERNET&NOT_RESTRICTED&TRUSTED&NOT_VCN_MANAGED&NOT_BANDWIDTH_CONSTRAINED Uid: 10493 RequestorUid: 10493 RequestorPkg: com.plato.androie UnderlyingNetworks: Null] ]
D/MultiInternetWifiNetworkFactory( 1850): got request NetworkRequest [ REQUEST id=504, [ Capabilities: INTERNET&NOT_RESTRICTED&TRUSTED&NOT_VCN_MANAGED&NOT_BANDWIDTH_CONSTRAINED Uid: 10493 RequestorUid: 10493 RequestorPkg: com.plato.androie UnderlyingNetworks: Null] ]
D/WifiNetworkFactory( 1850): got request NetworkRequest [ REQUEST id=504, [ Capabilities: INTERNET&NOT_RESTRICTED&TRUSTED&NOT_VCN_MANAGED&NOT_BANDWIDTH_CONSTRAINED Uid: 10493 RequestorUid: 10493 RequestorPkg: com.plato.androie UnderlyingNetworks: Null] ]
D/UntrustedWifiNetworkFactory( 1850): got request NetworkRequest [ REQUEST id=504, [ Capabilities: INTERNET&NOT_RESTRICTED&TRUSTED&NOT_VCN_MANAGED&NOT_BANDWIDTH_CONSTRAINED Uid: 10493 RequestorUid: 10493 RequestorPkg: com.plato.androie UnderlyingNetworks: Null] ]
D/NetdEventListenerService( 1850): DNS Requested by 100, 10493(com.plato.androie), SUCCESS, 61ms
D/NetdEventListenerService( 1850): DNS Requested by 100, 10493(com.plato.androie), SUCCESS, 60ms
D/FreecessController( 1850): com.plato.androie(10493) is important[18]
D/NetdEventListenerService( 1850): DNS Requested by 100, 10493(com.plato.androie), SUCCESS, 43ms
W/JobScheduler( 1850): Job didn't exist in JobStore: 8aea6f0 #u0a493/-657644541 com.plato.androie/com.google.android.datatransport.runtime.scheduling.jobscheduling.JobInfoSchedulerService
I/PerProcessNandswap$NandswapHandler( 1850): canDoNandswapProcess fail: com.plato.androie pid:29771 state:0 adj:0
I/LayerHistory( 1270): com.plato.androie/com.playchat.ui.activity.MainActivity$_29771#1081 is small dirty
E/libEGL  (29771): error creating cache file /data/user_de/0/com.plato.androie/cache/com.android.opengl.shaders_cache: Operation not permitted (1)
D/PackageManager( 1850): Don't send PACKAGE_CHANGED for com.plato.androie by WorkManager
D/io_stats(  665): !@ Read_top(KB): m.plato.androie(29771) 12008 gle.android.gms(18151) 240 .gms.persistent(5143) 200
D/io_stats(  665): !@ Write_top(KB): kworker/u16:1(190) 1736 m.plato.androie(29771) 608 gle.android.gms(18151) 64
D/PackageManager( 1850): setEnabledSetting : userId = 0 packageName = com.plato.androie cmp = androidx.work.impl.background.systemalarm.RescheduleReceiver newState = 2 callingPackage = com.plato.androie
D/PackageManager( 1850): Don't send PACKAGE_CHANGED for com.plato.androie by WorkManager
I/LayerHistory( 1270): com.plato.androie/com.playchat.ui.activity.MainActivity$_29771#1081 Max (can't resolve refresh rate)
E/:core:log(29771): platoId=3u0ryhl7jrv0r-2z7scua871q8q GameDownloaderTask: Exception catch during expansion phase. Deleting run game folder.
E/PlatoApp(29771): platoId=3u0ryhl7jrv0r-2z7scua871q8q java.lang.Exception: Directories could not be created: /data/user/0/com.plato.androie/files/g/b33ad16721910b2da374908b439f4319b238682e
E/PlatoApp(29771): platoId=3u0ryhl7jrv0r-2z7scua871q8q o50.g(Unknown Source:192)
E/PlatoApp(29771): at o50.i(Unknown Source:21)
E/PlatoApp(29771): at o50.e(Unknown Source:279)
E/PlatoApp(29771): at o50.doInBackground(Unknown Source:2)
E/PlatoApp(29771): at android.os.AsyncTask$3.call(AsyncTask.java:394)
E/PlatoApp(29771): at java.util.concurrent.FutureTask.run(FutureTask.java:264)
E/PlatoApp(29771): at java.util.concurrent.ThreadPoolExecutor.runWorker(ThreadPoolExecutor.java:1145)
E/PlatoApp(29771): at java.util.concurrent.ThreadPoolExecutor$Worker.run(ThreadPoolExecutor.java:644)
E/PlatoApp(29771): at java.lang.Thread.run(Thread.java:1012)
D/PackageManager( 1850): setEnabledSetting : userId = 0 packageName = com.plato.androie cmp = androidx.work.impl.background.systemalarm.RescheduleReceiver newState = 1 callingPackage = com.plato.androie
D/ApplicationPolicy( 1850): getApplicationStateEnabled : pkg = com.plato.androie userId : 0
D/ApplicationPolicy( 1850): getApplicationComponentState : pkg = com.plato.androie userId : 0
D/FreecessController( 1850): com.plato.androie(10493) is important[18]
D/ConnectivityService( 1850): requestNetwork for uid/pid:10493/29771 activeRequest: null callbackRequest: 505 [NetworkRequest [ REQUEST id=506, [ Capabilities: INTERNET&NOT_RESTRICTED&TRUSTED&NOT_VCN_MANAGED&NOT_BANDWIDTH_CONSTRAINED Uid: 10493 RequestorUid: 10493 RequestorPkg: com.plato.androie UnderlyingNetworks: Null] ]] callback flags: 0 order: 2147483647 isUidTracked: false declaredMethods: ALL
D/ConnectivityService( 1850):    accepting network in place of null for NetworkRequest [ REQUEST id=506, [ Capabilities: INTERNET&NOT_RESTRICTED&TRUSTED&NOT_VCN_MANAGED&NOT_BANDWIDTH_CONSTRAINED Uid: 10493 RequestorUid: 10493 RequestorPkg: com.plato.androie UnderlyingNetworks: Null] ]
D/OemPaidWifiNetworkFactory( 1850): got request NetworkRequest [ REQUEST id=506, [ Capabilities: INTERNET&NOT_RESTRICTED&TRUSTED&NOT_VCN_MANAGED&NOT_BANDWIDTH_CONSTRAINED Uid: 10493 RequestorUid: 10493 RequestorPkg: com.plato.androie UnderlyingNetworks: Null] ]
D/MultiInternetWifiNetworkFactory( 1850): got request NetworkRequest [ REQUEST id=506, [ Capabilities: INTERNET&NOT_RESTRICTED&TRUSTED&NOT_VCN_MANAGED&NOT_BANDWIDTH_CONSTRAINED Uid: 10493 RequestorUid: 10493 RequestorPkg: com.plato.androie UnderlyingNetworks: Null] ]
D/WifiNetworkFactory( 1850): got request NetworkRequest [ REQUEST id=506, [ Capabilities: INTERNET&NOT_RESTRICTED&TRUSTED&NOT_VCN_MANAGED&NOT_BANDWIDTH_CONSTRAINED Uid: 10493 RequestorUid: 10493 RequestorPkg: com.plato.androie UnderlyingNetworks: Null] ]
D/UntrustedWifiNetworkFactory( 1850): got request NetworkRequest [ REQUEST id=506, [ Capabilities: INTERNET&NOT_RESTRICTED&TRUSTED&NOT_VCN_MANAGED&NOT_BANDWIDTH_CONSTRAINED Uid: 10493 RequestorUid: 10493 RequestorPkg: com.plato.androie UnderlyingNetworks: Null] ]
D/WindowManager( 1850): requestTransientBars: swipeTarget=Window{6bbe4d u0 NavigationBar0}, controlTarget=Window{72e2f53 u0 com.plato.androie/com.playchat.ui.activity.MainActivity}, canShowTransient=true, restorePositionTypes=0x0, from=com.android.server.wm.DisplayPolicy$1.onSwipeFromBottom:21 com.android.server.wm.SystemGesturesPointerEventListener.onPointerEvent:572 
D/InsetsSourceProvider( 1850): updateFakeControlTarget: fakeControl=InsetsSourceControl: {56550001 mType=navigationBars mSurfacePosition=Point(0, 0) mInsetsHint=Insets{left=0, top=0, right=0, bottom=0}}, fakeTarget=Window{72e2f53 u0 com.plato.androie/com.playchat.ui.activity.MainActivity}
D/InsetsSourceProvider( 1850): updateFakeControlTarget: fakeControl=InsetsSourceControl: {98c90000 mType=statusBars mSurfacePosition=Point(0, 0) mInsetsHint=Insets{left=0, top=0, right=0, bottom=0}}, fakeTarget=Window{72e2f53 u0 com.plato.androie/com.playchat.ui.activity.MainActivity}
D/SurfaceFlinger( 1270):        DEVICE |   0xb40000707b5f3dd0 | 0001 | RGBA_8888    |    0.0    0.0 1440.0 3200.0 |    0    0 1440 3200 | com.plato.androie/com.playchat.ui.activity.MainActivity$_29771#1081 (768)
D/SurfaceFlinger( 1270):        DEVICE |   0xb40000707b5ee2d0 | 0001 | RGBA_8888    |    0.0    0.0 1440.0 3200.0 |    0    0 1440 3200 | com.plato.androie/com.playchat.ui.activity.MainActivity$_29771#1081 (769)
D/PackageManager( 1850): setEnabledSetting : userId = 0 packageName = com.plato.androie cmp = androidx.work.impl.background.systemalarm.RescheduleReceiver newState = 2 callingPackage = com.plato.androie
V/WindowManager( 1850): Transition 79: Set Task{bb7afb8 #1060 type=standard A=10493:com.plato.androie} as transient-hidden-task, caller=com.android.server.wm.Task.forAllTasks:4 com.android.server.wm.WindowContainer.forAllTasks:2 com.android.server.wm.DisplayArea.forAllTasks:9 
V/WindowManager( 1850): Collecting in transition 79: Task{bb7afb8 #1060 type=standard A=10493:com.plato.androie}, caller=com.android.server.wm.Transition$$ExternalSyntheticLambda16.test:93 com.android.server.wm.Task.forAllTasks:4 com.android.server.wm.WindowContainer.forAllTasks:2 com.android.server.wm.DisplayArea.forAllTasks:9 com.android.server.wm.TransitionController.setTransientLaunch:99 
D/ActivityTaskManager( 1850): scheduleTopResumedActivityChanged, onTop=false, r=ActivityRecord{7511f85 u0 com.plato.androie/com.playchat.ui.activity.MainActivity t1060}, caller=com.android.server.wm.ActivityTaskSupervisor.scheduleTopResumedActivityStateLossIfNeeded:11 com.android.server.wm.ActivityTaskSupervisor.updateTopResumedActivityIfNeeded:19 com.android.server.wm.TaskDisplayArea.positionChildAt:270 com.android.server.wm.Task.moveToFront:443 com.android.server.wm.ActivityStartController.startExistingRecents:201 com.android.server.wm.WindowOrganizerController.applyHierarchyOp:31 
I/HoneySpace.GestureEventController( 4378): SetGestureTaskList, SendGestureTaskList(taskList=[[#1060=com.plato.androie], [#1058=rs.pedjaapps.alogcatroot.app], [#1055=bin.mt.plus.canary]], initPosition=1, runningTaskId=1060, showAnimStartPosition=1, isLeashTargetCenter=false, forSimple=true)
I/HoneySpace.GestureEventController( 4378): SetGestureTaskList, SendGestureTaskList(taskList=[[#1060=com.plato.androie], [#1058=rs.pedjaapps.alogcatroot.app], [#1055=bin.mt.plus.canary]], initPosition=1, runningTaskId=1060, showAnimStartPosition=1, isLeashTargetCenter=false, forSimple=false)
I/HoneySpace.TaskListViewModel( 4378): groupTasks: [[#1060=com.plato.androie], [#1058=rs.pedjaapps.alogcatroot.app], [#1055=bin.mt.plus.canary]]
I/HoneySpace.TaskAdapter( 4378): attach [position: 0], taskData size: 3, item: ComponentInfo{com.plato.androie/com.playchat.ui.activity.SplashActivity}, animReady: 4, firstBindingComplete: 5, view: f0b60e2
I/HoneySpace.TaskDataRepositoryImpl( 4378): Request icon and label, id=1060, iconAndLabel: IconAndLabel(icon=android.graphics.Bitmap@ca97c94, label=Plato), componentKey: com.plato.androie/com.playchat.ui.activity.SplashActivity#UserHandle{0}
I/HoneySpace.FilteredItemProvider( 4378): collect filtered items o, [PK(p='com.plato.androie', u=UserHandle{0}), PK(p='rs.pedjaapps.alogcatroot.app', u=UserHandle{0}), PK(p='bin.mt.plus.canary', u=UserHandle{0})]
I/HoneySpace.SuggestedItemsFacade( 4378): filteredItem : PK(p='com.plato.androie', u=UserHandle{0})
I/HoneySpace.TaskAdapter( 4378): attach [position: 0], taskData size: 3, item: ComponentInfo{com.plato.androie/com.playchat.ui.activity.SplashActivity}, animReady: 4, firstBindingComplete: 4, view: 5ee7832
I/HoneySpace.TaskDataRepositoryImpl( 4378): Request icon and label, id=1060, iconAndLabel: IconAndLabel(icon=android.graphics.Bitmap@ca97c94, label=Plato), componentKey: com.plato.androie/com.playchat.ui.activity.SplashActivity#UserHandle{0}
I/HoneySpace.TaskView( 4378): setTaskLabel, Plato
V/WindowManager( 1850): Start calculating TransitionInfo based on participants: {ActivityRecord{2bb3d2e u0 com.sec.android.app.launcher/com.android.quickstep.RecentsActivity t1045}, TransientLaunchOverlayToken{3b1c1ea token=android.os.BinderProxy@cb4f5d5}, Task{5ca3165 #1045 type=recents I=com.sec.android.app.launcher/com.android.quickstep.RecentsActivity}, WallpaperWindowToken{b2e2ddf token=android.os.Binder@1f2747e}_<system>, Task{bb7afb8 #1060 type=standard A=10493:com.plato.androie}}
V/WindowManager( 1850):   Final targets: [TransientLaunchOverlayToken{3b1c1ea token=android.os.BinderProxy@cb4f5d5}, Task{5ca3165 #1045 type=recents I=com.sec.android.app.launcher/com.android.quickstep.RecentsActivity}, Task{bb7afb8 #1060 type=standard A=10493:com.plato.androie}, WallpaperWindowToken{b2e2ddf token=android.os.Binder@1f2747e}_<system>]
D/WindowManager( 1850): setActiveRecents, recents=ActivityRecord{2bb3d2e u0 com.sec.android.app.launcher/com.android.quickstep.RecentsActivity t1045}, task=Task{bb7afb8 #1060 type=standard A=10493:com.plato.androie}, caller=com.android.server.wm.InputMonitor.setActiveRecents:32 com.android.server.wm.Transition.handleLegacyRecentsStartBehavior:107 com.android.server.wm.Transition.onTransactionReady:2212 
V/WindowManager( 1850):         {WCT{RemoteToken{f471b92 Task{bb7afb8 #1060 type=standard A=10493:com.plato.androie}}} m=TO_BACK f=NONE leash=Surface(name=Task=1060)/@0xc1bf1f4 sb=Rect(0, 0 - 1440, 3200) eb=Rect(0, 0 - 1440, 3200) d=0 taskParent=-1 inset=Rect(0, 100 - 0, 0) dim=true},
I/HoneySpace.TaskView( 4378): setTaskLabel, Plato
D/RenderEngine( 1270): [SEC_SF_EFFECTS] drawLayersInternal,1313, Rendering layer com.plato.androie/com.playchat.ui.activity.MainActivity$_29771#1081 at index 1
V/WindowManager( 1850):         {WCT{RemoteToken{f471b92 Task{bb7afb8 #1060 type=standard A=10493:com.plato.androie}}} m=TO_BACK f=NONE leash=Surface(name=Task=1060)/@0xc1bf1f4 sb=Rect(0, 0 - 1440, 3200) eb=Rect(0, 0 - 1440, 3200) d=0 taskParent=-1 inset=Rect(0, 100 - 0, 0) dim=true},
D/WindowManager( 1850): Changing focus from Window{72e2f53 u0 com.plato.androie/com.playchat.ui.activity.MainActivity} to Window{b30459f u0 com.sec.android.app.launcher/com.android.quickstep.RecentsActivity} displayId=0 Callers=com.android.server.wm.ActivityTaskManagerService.setLastResumedActivityUncheckLocked:264 com.android.server.wm.ActivityTaskManagerService.setFocusedTask:20 com.android.server.wm.ActivityTaskManagerService.focusTopTask:52 android.app.IActivityTaskManager$Stub.onTransact:1865 
I/InsetsController(29771): onStateChanged: host=com.plato.androie/com.playchat.ui.activity.MainActivity, from=android.view.ViewRootImpl.handleInsetsControlChanged:2888, state=InsetsState: {mDisplayFrame=Rect(0, 0 - 1440, 3200), mDisplayCutout=DisplayCutout{insets=Rect(0, 100 - 0, 0) waterfall=Insets{left=0, top=0, right=0, bottom=0} boundingRect={Bounds=[Rect(0, 0 - 0, 0), Rect(681, 0 - 759, 100), Rect(0, 0 - 0, 0), Rect(0, 0 - 0, 0)]} cutoutPathParserInfo={CutoutPathParserInfo{displayWidth=1440 displayHeight=3200 physicalDisplayWidth=1440 physicalDisplayHeight=3200 density={3.75} cutoutSpec={M 0, 0 H -10.4 V 26.66666666666667 H 10.4 V 0 H 0 Z @dp} rotation={0} scale={1.0} physicalPixelDisplaySizeRatio={1.0}}} sideOverrides={}}, mRoundedCorners=RoundedCorners{[RoundedCorner{position=TopLeft, radius=143, center=Point(143, 143)}, RoundedCorner{position=TopRight, radius=143, center=Point(1297, 143)}, RoundedCorner{position=BottomRight, radius=143, center=Point(1297, 3057)}, RoundedCorner{position=BottomLeft, radius=143, center=Point(143, 3057)}]}  mRoundedCornerFrame=Rect(0, 0 - 1440, 3200), mPrivacyIndicatorBounds=PrivacyIndicatorBounds {static bounds=Rect(1275, 0 - 1440, 102) rotation=0}, mDisplayShape=DisplayShape{ spec=-311912193 displayWidth=1440 displayHeight=3200 physicalPixelDisplaySizeRatio=1.0 rotation=0 offsetX=0 offsetY=0 scale=1.0}, mSources= { InsetsSource: {98c90000 mType=statusBars mFrame=[0,0][1440,102] mVisible=true mFlags= mSideHint=TOP mBoundingRects=null}, InsetsSource: {98c90005 mType=mandatorySystemGestures mFrame=[0,0][1440,145] mVisible=true mFlags= mSideHint=TOP mBoundingRects=null}, InsetsSource: {98c90006 mType=tappableElement mFrame=[0,0][1440,102] mVisible=true mFlags= mSideHint=TOP mBoundingRects=null}, InsetsSource: {3 mType=ime mFrame=[0,0][0,0] mVisible=false mFlags= mSideHint=NONE mBoundingRects=null}, InsetsSource: {27 mType=displayCutout mFrame=[0,0][1440,100] mVisible=true mFlags= mSideHint=TOP mBoundingRects=null}, InsetsSource: {56550001 mType=navigationBars mFrame=[0,3020][1440,3200] mVisible=true mFlags= mSideHint=BOTTOM mBoundingRects=null}, InsetsSource: {56550004 mType=systemGestures mFrame=[0,0][0,0] mVisible=true mFlags= mSideHint=NONE mBoundingRects=null}, InsetsSource: {56550005 mType=mandatorySystemGestures mFrame=[0,3020][1440,3200] mVisible=true mFlags= mSideHint=BOTTOM mBoundingRects=null}, InsetsSource: {56550006 mType=tappableElement mFrame=[0,3020][1440,3200] mVisible=true mFlags= mSideHint=BOTTOM mBoundingRects=null}, InsetsSource: {56550024 mType=systemGestures mFrame=[0,0][0,0] mVisible=true mFlags= mSideHint=NONE mBoundingRects=null} }
D/InputDispatcher( 1850): Focus left window (0): 72e2f53 com.plato.androie/com.playchat.ui.activity.MainActivity
D/SurfaceFlinger( 1270):        CLIENT |   0xb40000707b5de6d0 | 0001 | RGBA_8888    |    0.0   34.0 1439.0 3138.0 |    0    0 1439 3200 | com.plato.androie/com.playchat.ui.activity.MainActivity$_29771#1081 (847)
D/PackageManager( 1850): Don't send PACKAGE_CHANGED for com.plato.androie by WorkManager
D/RenderEngine( 1270): [SEC_SF_EFFECTS] drawLayersInternal,1313, Rendering layer com.plato.androie/com.playchat.ui.activity.MainActivity$_29771#1081 at index 1
D/SurfaceFlinger( 1270):        CLIENT |   0xb40000707b5f3dd0 | 0001 | RGBA_8888    |    1.0  101.0  308.0 3017.0 | 1236  395 1440 2328 | com.plato.androie/com.playchat.ui.activity.MainActivity$_29771#1081 (896)
