V/WindowManager( 1850): Setting visibility of Window{72e2f53 u0 com.plato.androie/com.playchat.ui.activity.MainActivity}: false, caller=com.android.server.wm.WindowContainer.sendAppVisibilityToClients:19 com.android.server.wm.WindowToken.setClientVisible:49 com.android.server.wm.ActivityRecord.setClientVisible:8 com.android.server.wm.ActivityRecord.commitVisibility:273 com.android.server.wm.TransitionController.finishTransition:766 
D/PersonaActivityHelper( 1850): token.toString()  Token{b0321da ActivityRecord{7511f85 u0 com.plato.androie/com.playchat.ui.activity.MainActivity t1060}}
I/SurfaceControlRegistry( 1850): hide, t=syncBuffer_VRI[RecentsTransitionOverlay]@c44d30#47_seqId<16> sc=ActivityRecord{7511f85 u0 com.plato.androie/com.playchat.ui.activity.MainActivity t1060}, caller=android.view.SurfaceControl$Transaction.hide:3258 com.android.server.wm.ActivityRecord.prepareSurfaces:66 com.android.server.wm.WindowContainer.prepareSurfaces:26 com.android.server.wm.TaskFragment.prepareSurfaces:7 com.android.server.wm.Task.prepareSurfaces:10 com.android.server.wm.WindowContainer.prepareSurfaces:26 
I/SurfaceControlRegistry( 1850): hide, t=syncBuffer_VRI[RecentsTransitionOverlay]@c44d30#47_seqId<16> sc=com.plato.androie/com.playchat.ui.activity.MainActivity$_29771, caller=android.view.SurfaceControl$Transaction.hide:3258 com.android.server.wm.WindowStateAnimator.hide:56 com.android.server.wm.WindowStateAnimator.prepareSurfaceLocked:292 com.android.server.wm.WindowState.prepareSurfaces:95 com.android.server.wm.WindowContainer.prepareSurfaces:26 com.android.server.wm.ActivityRecord.prepareSurfaces:107 
V/WindowManager( 1850): Relayout Window{72e2f53 u0 com.plato.androie/com.playchat.ui.activity.MainActivity}: viewVisibility=8 req=1440x3200 ty=1 d0
I/SurfaceFlinger( 1270): Layer [ActivityRecord{7511f85 u0 com.plato.[...]ui.activity.MainActivity t1060}#1012] hidden!! flag(1)
I/SurfaceFlinger( 1270): Layer [com.plato.androie/com.playchat.ui.activity.MainActivity$_29771#1081] hidden!! flag(1)
I/InsetsController(29771): onStateChanged: host=com.plato.androie/com.playchat.ui.activity.MainActivity, from=android.view.ViewRootImpl.relayoutWindow:11304, state=InsetsState: {mDisplayFrame=Rect(0, 0 - 1440, 3200), mDisplayCutout=DisplayCutout{insets=Rect(0, 100 - 0, 0) waterfall=Insets{left=0, top=0, right=0, bottom=0} boundingRect={Bounds=[Rect(0, 0 - 0, 0), Rect(681, 0 - 759, 100), Rect(0, 0 - 0, 0), Rect(0, 0 - 0, 0)]} cutoutPathParserInfo={CutoutPathParserInfo{displayWidth=1440 displayHeight=3200 physicalDisplayWidth=1440 physicalDisplayHeight=3200 density={3.75} cutoutSpec={M 0, 0 H -10.4 V 26.66666666666667 H 10.4 V 0 H 0 Z @dp} rotation={0} scale={1.0} physicalPixelDisplaySizeRatio={1.0}}} sideOverrides={}}, mRoundedCorners=RoundedCorners{[RoundedCorner{position=TopLeft, radius=143, center=Point(143, 143)}, RoundedCorner{position=TopRight, radius=143, center=Point(1297, 143)}, RoundedCorner{position=BottomRight, radius=143, center=Point(1297, 3057)}, RoundedCorner{position=BottomLeft, radius=143, center=Point(143, 3057)}]}  mRoundedCornerFrame=Rect(0, 0 - 1440, 3200), mPrivacyIndicatorBounds=PrivacyIndicatorBounds {static bounds=Rect(1275, 0 - 1440, 102) rotation=0}, mDisplayShape=DisplayShape{ spec=-311912193 displayWidth=1440 displayHeight=3200 physicalPixelDisplaySizeRatio=1.0 rotation=0 offsetX=0 offsetY=0 scale=1.0}, mSources= { InsetsSource: {98c90000 mType=statusBars mFrame=[0,0][1440,102] mVisible=true mFlags= mSideHint=TOP mBoundingRects=null}, InsetsSource: {98c90005 mType=mandatorySystemGestures mFrame=[0,0][1440,145] mVisible=true mFlags= mSideHint=TOP mBoundingRects=null}, InsetsSource: {98c90006 mType=tappableElement mFrame=[0,0][1440,102] mVisible=true mFlags= mSideHint=TOP mBoundingRects=null}, InsetsSource: {3 mType=ime mFrame=[0,0][0,0] mVisible=false mFlags= mSideHint=NONE mBoundingRects=null}, InsetsSource: {27 mType=displayCutout mFrame=[0,0][1440,100] mVisible=true mFlags= mSideHint=TOP mBoundingRects=null}, InsetsSource: {56550001 mType=navigationBars mFrame=[0,3020][1440,3200] mVisible=true mFlags= mSideHint=BOTTOM mBoundingRects=null}, InsetsSource: {56550004 mType=systemGestures mFrame=[0,0][0,0] mVisible=true mFlags= mSideHint=NONE mBoundingRects=null}, InsetsSource: {56550005 mType=mandatorySystemGestures mFrame=[0,3020][1440,3200] mVisible=true mFlags= mSideHint=BOTTOM mBoundingRects=null}, InsetsSource: {56550006 mType=tappableElement mFrame=[0,3020][1440,3200] mVisible=true mFlags= mSideHint=BOTTOM mBoundingRects=null}, InsetsSource: {56550024 mType=systemGestures mFrame=[0,0][0,0] mVisible=true mFlags= mSideHint=NONE mBoundingRects=null} }
D/VRI[MainActivity]@7570f6b(29771): WindowStopped on com.plato.androie/com.playchat.ui.activity.MainActivity set to true
D/PackageManager( 1850): setEnabledSetting : userId = 0 packageName = com.plato.androie cmp = androidx.work.impl.background.systemalarm.RescheduleReceiver newState = 1 callingPackage = com.plato.androie
D/ApplicationPolicy( 1850): getApplicationStateEnabled : pkg = com.plato.androie userId : 0
D/ApplicationPolicy( 1850): getApplicationComponentState : pkg = com.plato.androie userId : 0
E/PlatoApp(29771): platoId=3u0ryhl7jrv0r-2z7scua871q8q java.net.SocketException: socket is closed
E/PlatoApp(29771): platoId=3u0ryhl7jrv0r-2z7scua871q8q com.google.android.gms.org.conscrypt.ConscryptFileDescriptorSocket$SSLInputStream.read(:com.google.android.gms@254730035@25.47.30 (260400-833691957):90)
E/PlatoApp(29771): at java.io.DataInputStream.readFully(DataInputStream.java:203)
E/PlatoApp(29771): at java.io.DataInputStream.readShort(DataInputStream.java:322)
E/PlatoApp(29771): at NT0.b(Unknown Source:2)
E/PlatoApp(29771): at Sb1.run(Unknown Source:326)
D/io_stats(  665): !@ Write_top(KB): kworker/u16:15(7165) 340 m.plato.androie(29771) 280 .android.chrome(29865) 276
E/WindowManager( 1850): win=Window{72e2f53 u0 com.plato.androie/com.playchat.ui.activity.MainActivity} destroySurfaces: appStopped=true cleanupOnResume=false win.mWindowRemovalAllowed=false win.mRemoveOnExit=false win.mViewVisibility=8 caller=com.android.server.wm.ActivityRecord.destroySurfaces:25 com.android.server.wm.ActivityRecord.activityStopped:204 com.android.server.wm.ActivityClientController.activityStopped:95 android.app.IActivityClientController$Stub.onTransact:722 com.android.server.wm.ActivityClientController.onTransact:1 android.os.Binder.execTransactInternal:1541 android.os.Binder.execTransact:1480 
I/WindowManager( 1850): Destroying surface Surface(name=com.plato.androie/com.playchat.ui.activity.MainActivity$_29771)/@0x119fde9 called by com.android.server.wm.WindowStateAnimator.destroySurface:11 com.android.server.wm.WindowStateAnimator.destroySurfaceLocked:54 com.android.server.wm.WindowState.destroySurfaceUnchecked:5 com.android.server.wm.WindowState.destroySurface:126 com.android.server.wm.ActivityRecord.destroySurfaces:25 com.android.server.wm.ActivityRecord.activityStopped:204 com.android.server.wm.ActivityClientController.activityStopped:95 android.app.IActivityClientController$Stub.onTransact:722 
D/SGM:FgCheckThread( 1850): pkgName: com.plato.androie is not in foreground
D/SGM:FgCheckThread( 1850): noteStopComponent(), received pkgName: com.plato.androie, focusedPkgName: com.sec.android.app.launcher, userId: 0
D/PkgPredictorService-SecIpmManagerServiceImpl( 1850): bg information pid:29771 uid:10493 pkgName:com.plato.androie
I/SurfaceFlinger( 1270): [LayerHierarchy{RequestedLayerState{com.plato.androie/com.playchat.ui.activity.MainActivity$_29771#1081} no children}] reparent to OffscreenRoot
I/SurfaceFlinger( 1270): [LayerHierarchy{RequestedLayerState{com.plato.androie/com.playchat.ui.activity.MainActivity$_29771#1081} no children}] RelativeParent to null
I/SurfaceFlinger( 1270): id=1081 Removed com.plato.androie/com.playchat.ui.activity.MainActivity$_29771#1081 (138)
I/SurfaceFlinger( 1270): destroyed com.plato.androie/com.playchat.ui.activity.MainActivity$_29771#1081
I/Layer   ( 1270): id=1081 Destroyed com.plato.androie/com.playchat.ui.activity.MainActivity$_29771#1081
D/PackageManager( 1850): Don't send PACKAGE_CHANGED for com.plato.androie by WorkManager
E/:core:log(29771): platoId=3u0ryhl7jrv0r-2z7scua871q8q GameDownloaderTask: Exception catch during expansion phase. Deleting run game folder.
E/PlatoApp(29771): platoId=3u0ryhl7jrv0r-2z7scua871q8q java.lang.Exception: Directories could not be created: /data/user/0/com.plato.androie/files/g/b33ad16721910b2da374908b439f4319b238682e
E/PlatoApp(29771): platoId=3u0ryhl7jrv0r-2z7scua871q8q o50.g(Unknown Source:192)
E/PlatoApp(29771): at o50.i(Unknown Source:21)
E/PlatoApp(29771): at o50.e(Unknown Source:279)
E/PlatoApp(29771): at o50.doInBackground(Unknown Source:2)
E/PlatoApp(29771): at android.os.AsyncTask$3.call(AsyncTask.java:394)
E/PlatoApp(29771): at java.util.concurrent.FutureTask.run(FutureTask.java:264)
E/PlatoApp(29771): at java.util.concurrent.ThreadPoolExecutor.runWorker(ThreadPoolExecutor.java:1145)
E/PlatoApp(29771): at java.util.concurrent.ThreadPoolExecutor$Worker.run(ThreadPoolExecutor.java:644)
E/PlatoApp(29771): at java.lang.Thread.run(Thread.java:1012)
D/ConnectivityService( 1850): requestNetwork for uid/pid:10493/29771 activeRequest: null callbackRequest: 507 [NetworkRequest [ REQUEST id=508, [ Capabilities: INTERNET&NOT_RESTRICTED&TRUSTED&NOT_VCN_MANAGED&NOT_BANDWIDTH_CONSTRAINED Uid: 10493 RequestorUid: 10493 RequestorPkg: com.plato.androie UnderlyingNetworks: Null] ]] callback flags: 0 order: 2147483647 isUidTracked: false declaredMethods: ALL
D/ConnectivityService( 1850):    accepting network in place of null for NetworkRequest [ REQUEST id=508, [ Capabilities: INTERNET&NOT_RESTRICTED&TRUSTED&NOT_VCN_MANAGED&NOT_BANDWIDTH_CONSTRAINED Uid: 10493 RequestorUid: 10493 RequestorPkg: com.plato.androie UnderlyingNetworks: Null] ]
D/OemPaidWifiNetworkFactory( 1850): got request NetworkRequest [ REQUEST id=508, [ Capabilities: INTERNET&NOT_RESTRICTED&TRUSTED&NOT_VCN_MANAGED&NOT_BANDWIDTH_CONSTRAINED Uid: 10493 RequestorUid: 10493 RequestorPkg: com.plato.androie UnderlyingNetworks: Null] ]
D/MultiInternetWifiNetworkFactory( 1850): got request NetworkRequest [ REQUEST id=508, [ Capabilities: INTERNET&NOT_RESTRICTED&TRUSTED&NOT_VCN_MANAGED&NOT_BANDWIDTH_CONSTRAINED Uid: 10493 RequestorUid: 10493 RequestorPkg: com.plato.androie UnderlyingNetworks: Null] ]
D/WifiNetworkFactory( 1850): got request NetworkRequest [ REQUEST id=508, [ Capabilities: INTERNET&NOT_RESTRICTED&TRUSTED&NOT_VCN_MANAGED&NOT_BANDWIDTH_CONSTRAINED Uid: 10493 RequestorUid: 10493 RequestorPkg: com.plato.androie UnderlyingNetworks: Null] ]
D/UntrustedWifiNetworkFactory( 1850): got request NetworkRequest [ REQUEST id=508, [ Capabilities: INTERNET&NOT_RESTRICTED&TRUSTED&NOT_VCN_MANAGED&NOT_BANDWIDTH_CONSTRAINED Uid: 10493 RequestorUid: 10493 RequestorPkg: com.plato.androie UnderlyingNetworks: Null] ]
W/m.plato.androie(29771): Couldn't lock the profile file /data/misc/profiles/cur/0/com.plato.androie/primary.prof: Failed to open file '/data/misc/profiles/cur/0/com.plato.androie/primary.prof': Operation not permitted
W/m.plato.androie(29771): Could not forcefully load profile /data/misc/profiles/cur/0/com.plato.androie/primary.prof
E/:core:log(29771): platoId=3u0ryhl7jrv0r-2z7scua871q8q GameDownloaderTask: game can't be downloaded in 3 retries.
E/:core:log(29771): platoId=3u0ryhl7jrv0r-2z7scua871q8q Failed to download game $gameType revision: ${downloadStatus.revision} url: https://games-prod.platocdn.com/b33ad16721910b2da374908b439f4319b238682e.zip
E/:core:log(29771): platoId=3u0ryhl7jrv0r-2z7scua871q8q Unable to load game. Game Download Error. pSession:{id: 6yjgaoq82a18-qwbwp17uko50, gameType: pool/87, mmPoolId: null, ownerId: null, is_turn: [], text: null, settings: {"break":2,"gameType":0,"live":1,"trickShots":0}, players amount: 1, finish: null, stats: null, messageType: PSESSION_INVITATION_RESPONSE, state (first 100): null, pSession type: UNDEFINED}. Code: OK
D/ConnectivityService( 1850): requestNetwork for uid/pid:10493/29771 activeRequest: null callbackRequest: 509 [NetworkRequest [ REQUEST id=510, [ Capabilities: INTERNET&NOT_RESTRICTED&TRUSTED&NOT_VCN_MANAGED&NOT_BANDWIDTH_CONSTRAINED Uid: 10493 RequestorUid: 10493 RequestorPkg: com.plato.androie UnderlyingNetworks: Null] ]] callback flags: 0 order: 2147483647 isUidTracked: false declaredMethods: ALL
D/ConnectivityService( 1850):    accepting network in place of null for NetworkRequest [ REQUEST id=510, [ Capabilities: INTERNET&NOT_RESTRICTED&TRUSTED&NOT_VCN_MANAGED&NOT_BANDWIDTH_CONSTRAINED Uid: 10493 RequestorUid: 10493 RequestorPkg: com.plato.androie UnderlyingNetworks: Null] ]
D/OemPaidWifiNetworkFactory( 1850): got request NetworkRequest [ REQUEST id=510, [ Capabilities: INTERNET&NOT_RESTRICTED&TRUSTED&NOT_VCN_MANAGED&NOT_BANDWIDTH_CONSTRAINED Uid: 10493 RequestorUid: 10493 RequestorPkg: com.plato.androie UnderlyingNetworks: Null] ]
D/MultiInternetWifiNetworkFactory( 1850): got request NetworkRequest [ REQUEST id=510, [ Capabilities: INTERNET&NOT_RESTRICTED&TRUSTED&NOT_VCN_MANAGED&NOT_BANDWIDTH_CONSTRAINED Uid: 10493 RequestorUid: 10493 RequestorPkg: com.plato.androie UnderlyingNetworks: Null] ]
D/WifiNetworkFactory( 1850): got request NetworkRequest [ REQUEST id=510, [ Capabilities: INTERNET&NOT_RESTRICTED&TRUSTED&NOT_VCN_MANAGED&NOT_BANDWIDTH_CONSTRAINED Uid: 10493 RequestorUid: 10493 RequestorPkg: com.plato.androie UnderlyingNetworks: Null] ]
D/UntrustedWifiNetworkFactory( 1850): got request NetworkRequest [ REQUEST id=510, [ Capabilities: INTERNET&NOT_RESTRICTED&TRUSTED&NOT_VCN_MANAGED&NOT_BANDWIDTH_CONSTRAINED Uid: 10493 RequestorUid: 10493 RequestorPkg: com.plato.androie UnderlyingNetworks: Null] ]
D/NetdEventListenerService( 1850): DNS Requested by 100, 10493(com.plato.androie), SUCCESS, 33ms
D/MARs:ActiveTrafficFilter( 1850): filter : com.plato.androie(0)
D/FreecessController( 1850): com.plato.androie(10493) is important[8]
I/WM-WorkerWrapper(29771): Worker result SUCCESS for Work [ id=3111440f-cdee-42c2-a5d2-f9ecba853b6f, tags={ com.playchat.service.log.DatadogPosterWorker, Failed to download game $gameType revision: ${downloadStatus.revision} url: https://games-prod.platocdn.com/b33ad16721910b2da374908b439f4319b238682e.zip } ]
D/io_stats(  665): !@ Write_top(KB): kworker/u16:1(190) 516 m.plato.androie(29771) 480 system_server(1850) 448
D/NetdEventListenerService( 1850): DNS Requested by 100, 10493(com.plato.androie), 4(FAIL), isBlocked=true, 0ms
D/NetdEventListenerService( 1850): DNS Requested by 100, 10493(com.plato.androie), 4(FAIL), isBlocked=true, 0ms
D/ConnectivityService( 1850): requestNetwork for uid/pid:10493/29771 activeRequest: null callbackRequest: 511 [NetworkRequest [ REQUEST id=512, [ Capabilities: INTERNET&NOT_RESTRICTED&TRUSTED&NOT_VCN_MANAGED&NOT_BANDWIDTH_CONSTRAINED Uid: 10493 RequestorUid: 10493 RequestorPkg: com.plato.androie UnderlyingNetworks: Null] ]] callback flags: 0 order: 2147483647 isUidTracked: false declaredMethods: ALL
D/ConnectivityService( 1850):    accepting network in place of null for NetworkRequest [ REQUEST id=512, [ Capabilities: INTERNET&NOT_RESTRICTED&TRUSTED&NOT_VCN_MANAGED&NOT_BANDWIDTH_CONSTRAINED Uid: 10493 RequestorUid: 10493 RequestorPkg: com.plato.androie UnderlyingNetworks: Null] ]
D/OemPaidWifiNetworkFactory( 1850): got request NetworkRequest [ REQUEST id=512, [ Capabilities: INTERNET&NOT_RESTRICTED&TRUSTED&NOT_VCN_MANAGED&NOT_BANDWIDTH_CONSTRAINED Uid: 10493 RequestorUid: 10493 RequestorPkg: com.plato.androie UnderlyingNetworks: Null] ]
D/MultiInternetWifiNetworkFactory( 1850): got request NetworkRequest [ REQUEST id=512, [ Capabilities: INTERNET&NOT_RESTRICTED&TRUSTED&NOT_VCN_MANAGED&NOT_BANDWIDTH_CONSTRAINED Uid: 10493 RequestorUid: 10493 RequestorPkg: com.plato.androie UnderlyingNetworks: Null] ]
D/WifiNetworkFactory( 1850): got request NetworkRequest [ REQUEST id=512, [ Capabilities: INTERNET&NOT_RESTRICTED&TRUSTED&NOT_VCN_MANAGED&NOT_BANDWIDTH_CONSTRAINED Uid: 10493 RequestorUid: 10493 RequestorPkg: com.plato.androie UnderlyingNetworks: Null] ]
D/UntrustedWifiNetworkFactory( 1850): got request NetworkRequest [ REQUEST id=512, [ Capabilities: INTERNET&NOT_RESTRICTED&TRUSTED&NOT_VCN_MANAGED&NOT_BANDWIDTH_CONSTRAINED Uid: 10493 RequestorUid: 10493 RequestorPkg: com.plato.androie UnderlyingNetworks: Null] ]
